------------------------------------------------------------
TimeQuest Timing Analyzer Summary
------------------------------------------------------------

Type  : Slow 1200mV 85C Model Setup 'clock'
Slack : -5.077
TNS   : -1212.994

Type  : Slow 1200mV 85C Model Setup 'send_block_out'
Slack : -4.709
TNS   : -236.976

Type  : Slow 1200mV 85C Model Setup 'reset'
Slack : -4.700
TNS   : -1281.018

Type  : Slow 1200mV 85C Model Hold 'reset'
Slack : -0.889
TNS   : -187.306

Type  : Slow 1200mV 85C Model Hold 'send_block_out'
Slack : 0.333
TNS   : 0.000

Type  : Slow 1200mV 85C Model Hold 'clock'
Slack : 0.490
TNS   : 0.000

Type  : Slow 1200mV 85C Model Recovery 'clock'
Slack : -2.035
TNS   : -958.303

Type  : Slow 1200mV 85C Model Recovery 'reset'
Slack : -1.492
TNS   : -544.580

Type  : Slow 1200mV 85C Model Removal 'reset'
Slack : -0.237
TNS   : -3.557

Type  : Slow 1200mV 85C Model Removal 'clock'
Slack : 1.027
TNS   : 0.000

Type  : Slow 1200mV 85C Model Minimum Pulse Width 'clock'
Slack : -3.000
TNS   : -681.480

Type  : Slow 1200mV 85C Model Minimum Pulse Width 'send_block_out'
Slack : -3.000
TNS   : -85.240

Type  : Slow 1200mV 85C Model Minimum Pulse Width 'reset'
Slack : -3.000
TNS   : -3.000

Type  : Slow 1200mV 0C Model Setup 'clock'
Slack : -4.629
TNS   : -1065.433

Type  : Slow 1200mV 0C Model Setup 'reset'
Slack : -4.286
TNS   : -1145.613

Type  : Slow 1200mV 0C Model Setup 'send_block_out'
Slack : -4.259
TNS   : -212.794

Type  : Slow 1200mV 0C Model Hold 'reset'
Slack : -0.758
TNS   : -146.378

Type  : Slow 1200mV 0C Model Hold 'send_block_out'
Slack : 0.366
TNS   : 0.000

Type  : Slow 1200mV 0C Model Hold 'clock'
Slack : 0.497
TNS   : 0.000

Type  : Slow 1200mV 0C Model Recovery 'clock'
Slack : -1.790
TNS   : -839.279

Type  : Slow 1200mV 0C Model Recovery 'reset'
Slack : -1.320
TNS   : -457.994

Type  : Slow 1200mV 0C Model Removal 'reset'
Slack : -0.070
TNS   : -0.093

Type  : Slow 1200mV 0C Model Removal 'clock'
Slack : 0.956
TNS   : 0.000

Type  : Slow 1200mV 0C Model Minimum Pulse Width 'clock'
Slack : -3.000
TNS   : -681.480

Type  : Slow 1200mV 0C Model Minimum Pulse Width 'send_block_out'
Slack : -3.000
TNS   : -85.240

Type  : Slow 1200mV 0C Model Minimum Pulse Width 'reset'
Slack : -3.000
TNS   : -3.000

Type  : Fast 1200mV 0C Model Setup 'clock'
Slack : -2.070
TNS   : -328.760

Type  : Fast 1200mV 0C Model Setup 'reset'
Slack : -2.001
TNS   : -377.713

Type  : Fast 1200mV 0C Model Setup 'send_block_out'
Slack : -1.870
TNS   : -88.321

Type  : Fast 1200mV 0C Model Hold 'reset'
Slack : -0.575
TNS   : -156.819

Type  : Fast 1200mV 0C Model Hold 'send_block_out'
Slack : -0.034
TNS   : -0.034

Type  : Fast 1200mV 0C Model Hold 'clock'
Slack : 0.068
TNS   : 0.000

Type  : Fast 1200mV 0C Model Recovery 'clock'
Slack : -1.066
TNS   : -505.370

Type  : Fast 1200mV 0C Model Recovery 'reset'
Slack : -1.026
TNS   : -388.661

Type  : Fast 1200mV 0C Model Removal 'reset'
Slack : -0.235
TNS   : -36.144

Type  : Fast 1200mV 0C Model Removal 'clock'
Slack : 0.424
TNS   : 0.000

Type  : Fast 1200mV 0C Model Minimum Pulse Width 'clock'
Slack : -3.000
TNS   : -567.994

Type  : Fast 1200mV 0C Model Minimum Pulse Width 'send_block_out'
Slack : -3.000
TNS   : -72.265

Type  : Fast 1200mV 0C Model Minimum Pulse Width 'reset'
Slack : -3.000
TNS   : -3.000

------------------------------------------------------------
